// Jest Snapshot v1, https://goo.gl/fbAQLP

exports[`tscc e2e case_1: case_1 1`] = `
Array [
  "a.js",
  "b.js",
  "c.js",
]
`;

exports[`tscc e2e case_1: case_1/a.js 1`] = `
"var b=new (function(){function a(){}a.prototype.g=function(){console.log(\\"methodUsedByA\\")};a.prototype.h=function(){console.log(\\"methodUsedByB\\")};return a}());b.g();console.log(\\"ac\\");
"
`;

exports[`tscc e2e case_1: case_1/b.js 1`] = `
"b.h();console.log(\\"bba\\");console.log(\\"bc\\");
"
`;

exports[`tscc e2e case_1: case_1/c.js 1`] = `
"console.log(\\"ac\\");console.log(\\"bc\\");console.log(\\"cc\\");
"
`;

exports[`tscc e2e case_2_sourcemaps: case_2_sourcemaps 1`] = `
Array [
  "a.js",
  "a.js.map",
]
`;

exports[`tscc e2e case_2_sourcemaps: case_2_sourcemaps/a.js 1`] = `
"console.log(\\"Hello world!\\");
//# sourceMappingURL=a.js.map
"
`;

exports[`tscc e2e case_2_sourcemaps: case_2_sourcemaps/a.js.map 1`] = `"{\\"version\\":3,\\"file\\":\\".tscc_temp/case_2_sourcemaps/a.js\\",\\"lineCount\\":1,\\"mappings\\":\\"AACCA,OAAA,CAAQC,GAAR,CAECC,cAFD;\\",\\"sources\\":[\\"a.ts\\"],\\"names\\":[\\"console\\",\\"log\\",\\"b\\"]}"`;

exports[`tscc e2e case_3_sourcemaps_with_decorators: case_3_sourcemaps_with_decorators 1`] = `
Array [
  "a.js",
  "a.js.map",
]
`;

exports[`tscc e2e case_3_sourcemaps_with_decorators: case_3_sourcemaps_with_decorators/a.js 1`] = `
"function d(){}d.prototype.b=function(){console.log(\\"a\\")};(function(e,b,c,f){var g=arguments.length,a=3>g?b:null===f?f=Object.getOwnPropertyDescriptor(b,c):f,h;if(\\"object\\"===typeof Reflect&&Reflect&&\\"function\\"===typeof Reflect.decorate)a=Reflect.decorate(e,b,c,f);else for(var k=e.length-1;0<=k;k--)if(h=e[k])a=(3>g?h(a):3<g?h(b,c,a):h(b,c))||a;return 3<g&&a&&Object.defineProperty(b,c,a),a})([function(e,b,c){return c}],d.prototype,\\"b\\",null);(new d).b();
//# sourceMappingURL=a.js.map
"
`;

exports[`tscc e2e case_3_sourcemaps_with_decorators: case_3_sourcemaps_with_decorators/a.js.map 1`] = `"{\\"version\\":3,\\"sources\\":[\\"a.ts\\",\\"../../../../third_party/tsickle/third_party/tslib/tslib.js\\"],\\"names\\":[\\"module$exports$a$$ts.A\\",\\"b\\",\\"console\\",\\"log\\",\\"exports.__decorate\\",\\"decorators\\",\\"target\\",\\"key\\",\\"desc\\",\\"c\\",\\"arguments\\",\\"length\\",\\"r\\",\\"Object\\",\\"getOwnPropertyDescriptor\\",\\"d\\",\\"Reflect\\",\\"i\\",\\"defineProperty\\",\\"decorator\\",\\"prop\\",\\"prototype\\"],\\"mappings\\":\\"AAIA,QAAA,EAAA,EAAA,EAECA,CAAAC,CAAA,SAAAA,CAAA,CAAAA,CAAAA,QAAC,EAAA,CAAIC,OAAA,CAAQC,GAAR,CAAY,GAAZ,CAAJ,CCoDmBC,UAAS,CAACC,CAAD,CAAaC,CAAb,CAAqBC,CAArB,CAA0BC,CAA1B,CAAgC,CAAA,IACtDC,EAAIC,SAAJD,CAAcE,MADwC,CAChCC,EAAQ,CAAJ,CAAAH,CAAA,CAAQH,CAAR,CAA0B,IAAT,GAAAE,CAAA,CAAgBA,CAAhB,CAAuBK,MAAA,CAAOC,wBAAP,CAAgCR,CAAhC,CAAwCC,CAAxC,CAAvB,CAAsEC,CAD3D,CACiEO,CAG3H,IAAuB,QAAvB,GAAI,MAAOC,QAAX,EAAmCA,OAAnC,EAA6E,UAA7E,GAA8C,MAAOA,QAAP,CAAe,QAA7D,CAAyFJ,CAAA,CAAII,OAAA,CAAQ,QAAR,CAAoBX,CAApB,CAAgCC,CAAhC,CAAwCC,CAAxC,CAA6CC,CAA7C,CAA7F,KACK,KAAK,IAAIS,EAAIZ,CAAJY,CAAeN,MAAfM,CAAwB,CAAjC,CAAyC,CAAzC,EAAoCA,CAApC,CAA4CA,CAAA,EAA5C,CAAiD,GAAIF,CAAJ,CAAQV,CAAA,CAAWY,CAAX,CAAR,CAAuBL,CAAA,EAAS,CAAJ,CAAAH,CAAA,CAAQM,CAAA,CAAEH,CAAF,CAAR,CAAmB,CAAJ,CAAAH,CAAA,CAAQM,CAAA,CAAET,CAAF,CAAUC,CAAV,CAAeK,CAAf,CAAR,CAA4BG,CAAA,CAAET,CAAF,CAAUC,CAAV,CAAhD,GAAmEK,CAChJ,OAAW,EAAJ,CAAAH,CAAA,EAASG,CAAT,EAAcC,MAAA,CAAOK,cAAP,CAAsBZ,CAAtB,CAA8BC,CAA9B,CAAmCK,CAAnC,CAAd,CAAqDA,CANF,CAAzCR,CDnDpB,CAAA,CAPDe,QAAkB,CAACb,CAAD,CAASc,CAAT,CAA2BZ,CAA3B,CAAkD,CACnE,MAAOA,EAD4D,CAOnE,CAAA,CAFUR,CAEV,CAFUqB,SAEV,CAFU,GAEV,CAFU,IAEV,CAED,EAAC,IAAIrB,CAAL,EAAQC,CAAR\\",\\"file\\":\\".tscc_temp/case_3_sourcemaps_with_decorators/a.js\\"}"`;

exports[`tscc e2e case_4_external: case_4_external 1`] = `
Array [
  "a.js",
]
`;

exports[`tscc e2e case_4_external: case_4_external/a.js 1`] = `
"var a=CollidesWithGlobalName;anExternalModule.a();window.this_should_survive=!0;a.b();
"
`;

exports[`tscc e2e case_5_object_spread: case_5_object_spread 1`] = `
Array [
  "a.js",
]
`;

exports[`tscc e2e case_5_object_spread: case_5_object_spread/a.js 1`] = `
"function h(a,c){var e={},b;for(b in a)Object.prototype.hasOwnProperty.call(a,b)&&0>c.indexOf(b)&&(e[b]=a[b]);if(null!=a&&\\"function\\"===typeof Object.getOwnPropertySymbols){var f=0;for(b=Object.getOwnPropertySymbols(a);f<b.length;f++)0>c.indexOf(b[f])&&Object.prototype.propertyIsEnumerable.call(a,b[f])&&(e[b[f]]=a[b[f]])}return e};function k(){}k.prototype.g=function(a,c){a=c.b;h(c,[\\"b\\"]);c=h(a,[\\"d\\"]);console.log(c)};
(function(a,c,e,b){var f=arguments.length,g=3>f?c:null===b?b=Object.getOwnPropertyDescriptor(c,e):b,l;if(\\"object\\"===typeof Reflect&&Reflect&&\\"function\\"===typeof Reflect.decorate)g=Reflect.decorate(a,c,e,b);else for(var m=a.length-1;0<=m;m--)if(l=a[m])g=(3>f?l(g):3<f?l(c,e,g):l(c,e))||g;return 3<f&&g&&Object.defineProperty(c,e,g),g})([function(a,c,e){a=h(e,[\\"value\\"]);console.log(a);e.value={}}],k.prototype,\\"g\\",null);(new k).g({},{b:{c:{},d:{}},e:{},f:{},h:{}});var n={a:{},b:{},c:{}},p=h(n,[\\"c\\"]);
window.d=p;
"
`;

exports[`tscc e2e case_6_type_only_references: case_6_type_only_references 1`] = `
Array [
  "1.js",
  "2.js",
]
`;

exports[`tscc e2e case_6_type_only_references: case_6_type_only_references/1.js 1`] = `
"window.b=function(c){c({b:function(){}})};
"
`;

exports[`tscc e2e case_6_type_only_references: case_6_type_only_references/2.js 1`] = `
"function a(){}a.prototype.b=function(){console.log(\\"boo\\")};(new a).b();
"
`;

exports[`tscc e2e case_7_lodash_style_external_module_declaration: case_7_lodash_style_external_module_declaration 1`] = `
Array [
  "a.js",
]
`;

exports[`tscc e2e case_7_lodash_style_external_module_declaration: case_7_lodash_style_external_module_declaration/a.js 1`] = `
"var a=lodash;window.exported=a.exported;window.exported_from_augment=a.exported_from_augment;
"
`;

exports[`tscc e2e case_8_dts_requiretype: case_8_dts_requiretype 1`] = `
Array [
  "module.js",
]
`;

exports[`tscc e2e case_8_dts_requiretype: case_8_dts_requiretype/module.js 1`] = `
"var c=external;window.a=imported.b();window.b=c.a;
"
`;

exports[`tscc e2e case_9_ts_in_node_modules: case_9_ts_in_node_modules 1`] = `
Array [
  "index.js",
]
`;

exports[`tscc e2e case_9_ts_in_node_modules: case_9_ts_in_node_modules/index.js 1`] = `
"console.log(1);
"
`;

exports[`tscc e2e case_10_unsafe_module_name_and_script_dts: case_10_unsafe_module_name_and_script_dts 1`] = `
Array [
  "index.js",
]
`;

exports[`tscc e2e case_10_unsafe_module_name_and_script_dts: case_10_unsafe_module_name_and_script_dts/index.js 1`] = `
"console.log(unsafeModuleName.variableNameThatShouldntBeMangled.propertyNameThatShouldntBeMangled);
"
`;
